// Jest Snapshot v1, https://goo.gl/fbAQLP

exports[`TextField renders correctly 1`] = `
<DocumentFragment>
  <div
    class="sc-ifAKCX dZDxVL"
    data-testid="kenobi-form-field"
  >
    <input
      class="sc-bdVaJa kOtoB"
      data-testid="kenobi-input"
      id="kenobi-input-field-1"
    />
  </div>
</DocumentFragment>
`;
