// Jest Snapshot v1, https://goo.gl/fbAQLP

exports[`Portal renders children correctly 1`] = `<DocumentFragment />`;

exports[`Portal renders correctly 1`] = `<DocumentFragment />`;
